round 1 baseline load { 5.31 10.93 16.66 }
round 1 prototype load { 5.31 10.93 16.66 }
round 1 funnel load { 6.09 11.00 16.65 }
round 1 layout load { 6.09 11.00 16.65 }
round 2 prototype load { 5.76 10.85 16.56 }
round 2 layout load { 5.76 10.85 16.56 }
round 2 baseline load { 6.18 10.85 16.53 }
round 2 funnel load { 6.18 10.85 16.53 }
round 3 funnel load { 6.65 10.87 16.50 }
round 3 baseline load { 6.65 10.87 16.50 }
round 3 layout load { 7.32 10.94 16.49 }
round 3 prototype load { 7.32 10.94 16.49 }
round 4 layout load { 7.85 10.99 16.48 }
round 4 funnel load { 7.85 10.99 16.48 }
round 4 prototype load { 8.10 10.99 16.45 }
round 4 baseline load { 8.10 10.99 16.45 }
round 5 baseline load { 8.66 11.06 16.44 }
round 5 prototype load { 8.66 11.06 16.44 }
round 5 funnel load { 8.68 11.02 16.39 }
round 5 layout load { 8.68 11.02 16.39 }
round 6 prototype load { 8.55 10.95 16.34 }
round 6 layout load { 8.55 10.95 16.34 }
round 6 baseline load { 8.66 10.94 16.30 }
round 6 funnel load { 8.66 10.94 16.30 }
round 7 funnel load { 8.77 10.92 16.26 }
round 7 baseline load { 8.77 10.92 16.26 }
round 7 layout load { 9.19 10.97 16.25 }
round 7 prototype load { 9.19 10.97 16.25 }
round 8 layout load { 9.33 10.97 16.22 }
round 8 funnel load { 9.33 10.97 16.22 }
round 8 prototype load { 9.63 11.01 16.20 }
round 8 baseline load { 9.63 11.01 16.20 }
round 9 baseline load { 9.82 11.02 16.18 }
round 9 prototype load { 9.82 11.02 16.18 }
round 9 funnel load { 9.35 10.91 16.10 }
round 9 layout load { 9.35 10.91 16.10 }
round 10 prototype load { 9.72 10.96 16.09 }
round 10 layout load { 9.72 10.96 16.09 }
round 10 baseline load { 9.83 10.96 16.06 }
round 10 funnel load { 9.83 10.96 16.06 }
round 11 funnel load { 10.48 11.07 16.07 }
round 11 baseline load { 10.48 11.07 16.07 }
round 11 layout load { 10.44 11.06 16.04 }
round 11 prototype load { 10.44 11.06 16.04 }
round 12 layout load { 10.41 11.04 16.00 }
round 12 funnel load { 10.41 11.04 16.00 }
round 12 prototype load { 10.85 11.12 16.00 }
round 12 baseline load { 10.85 11.12 16.00 }
round 13 baseline load { 11.35 11.22 16.01 }
round 13 prototype load { 11.08 11.16 15.96 }
round 13 funnel load { 11.08 11.16 15.96 }
round 13 layout load { 11.07 11.16 15.93 }
round 14 prototype load { 11.07 11.16 15.93 }
round 14 layout load { 11.15 11.17 15.91 }
round 14 baseline load { 11.15 11.17 15.91 }
round 14 funnel load { 11.37 11.22 15.89 }
round 15 funnel load { 11.37 11.22 15.89 }
round 15 baseline load { 11.10 11.17 15.85 }
round 15 layout load { 11.10 11.17 15.85 }
round 15 prototype load { 10.53 11.05 15.78 }
round 16 layout load { 10.53 11.05 15.78 }
round 16 funnel load { 10.73 11.08 15.76 }
round 16 prototype load { 10.73 11.08 15.76 }
round 16 baseline load { 10.91 11.11 15.75 }
round 17 baseline load { 10.91 11.11 15.75 }
round 17 prototype load { 11.16 11.16 15.73 }
round 17 funnel load { 11.16 11.16 15.73 }
round 17 layout load { 10.99 11.12 15.70 }
round 18 prototype load { 10.99 11.12 15.70 }
round 18 layout load { 11.39 11.21 15.70 }
round 18 baseline load { 11.39 11.21 15.70 }
round 18 funnel load { 11.84 11.30 15.70 }
round 19 funnel load { 11.84 11.30 15.70 }
round 19 baseline load { 11.69 11.28 15.67 }
round 19 layout load { 11.69 11.28 15.67 }
round 19 prototype load { 11.71 11.29 15.65 }
round 20 layout load { 11.71 11.29 15.65 }
round 20 funnel load { 11.58 11.27 15.62 }
round 20 prototype load { 11.58 11.27 15.62 }
round 20 baseline load { 11.85 11.33 15.61 }
done 04:57:26
