    Blocking waiting for file lock on build directory
   Compiling lance-core v13.0.0-beta.14 (/home/brendan/work/lance-cell-flags/rust/lance-core)
   Compiling datafusion-catalog-listing v54.1.0
   Compiling datafusion-functions-table v54.1.0
warning: lance-linalg@13.0.0-beta.14: fp16kernels feature is not enabled, skipping build of fp16 kernels
warning: lance-linalg@13.0.0-beta.14: fp16kernels feature is not enabled, skipping build of bf16 kernels
warning: lance-linalg@13.0.0-beta.14: fp16kernels feature is not enabled, skipping build of fp16 kernels
warning: lance-linalg@13.0.0-beta.14: fp16kernels feature is not enabled, skipping build of bf16 kernels
   Compiling lance-datafusion v13.0.0-beta.14 (/home/brendan/work/lance-cell-flags/rust/lance-datafusion)
   Compiling rstest_macros v0.26.1
   Compiling criterion v0.8.2
   Compiling lance v13.0.0-beta.14 (/home/brendan/work/lance-cell-flags/rust/lance)
   Compiling substrait v0.63.0
   Compiling env_logger v0.11.11
   Compiling aws-smithy-checksums v0.64.5
   Compiling pprof v0.15.0
   Compiling crossbeam-skiplist v0.1.3
   Compiling serial_test_derive v3.5.0
   Compiling diff v0.1.13
   Compiling permutation v0.4.1
   Compiling rustc-hash v2.1.3
   Compiling async_cell v0.2.3
   Compiling futures-timer v3.0.4
   Compiling yansi v1.0.1
   Compiling serial_test v3.5.0
   Compiling aws-sdk-s3 v1.124.0
   Compiling pretty_assertions v1.4.1
   Compiling test-log v0.2.21
   Compiling lzma-sys v0.1.20
   Compiling parquet v58.4.0
   Compiling tracing-chrome v0.7.2
   Compiling tracking-allocator v0.4.0
   Compiling lance-test-macros v13.0.0-beta.14 (/home/brendan/work/lance-cell-flags/rust/lance-test-macros)
   Compiling all_asserts v2.3.4
   Compiling mock_instant v0.6.1
   Compiling lance-testing v13.0.0-beta.14 (/home/brendan/work/lance-cell-flags/rust/lance-testing)
   Compiling rstest v0.26.1
   Compiling lance-namespace v13.0.0-beta.14 (/home/brendan/work/lance-cell-flags/rust/lance-namespace)
   Compiling lance-select v13.0.0-beta.14 (/home/brendan/work/lance-cell-flags/rust/lance-select)
   Compiling lance-encoding v13.0.0-beta.14 (/home/brendan/work/lance-cell-flags/rust/lance-encoding)
   Compiling lance-io v13.0.0-beta.14 (/home/brendan/work/lance-cell-flags/rust/lance-io)
   Compiling lance-linalg v13.0.0-beta.14 (/home/brendan/work/lance-cell-flags/rust/lance-linalg)
   Compiling lance-file v13.0.0-beta.14 (/home/brendan/work/lance-cell-flags/rust/lance-file)
   Compiling lance-table v13.0.0-beta.14 (/home/brendan/work/lance-cell-flags/rust/lance-table)
   Compiling datafusion v54.1.0
   Compiling geodatafusion v0.5.0
   Compiling lance-index-core v13.0.0-beta.14 (/home/brendan/work/lance-cell-flags/rust/lance-index-core)
   Compiling datafusion-substrait v54.1.0
   Compiling lance-geo v13.0.0-beta.14 (/home/brendan/work/lance-cell-flags/rust/lance-geo)
   Compiling lance-index v13.0.0-beta.14 (/home/brendan/work/lance-cell-flags/rust/lance-index)
    Finished `release-with-debug` profile [optimized + debuginfo] target(s) in 11m 20s
  Executable benches/cell_flags_costs.rs (/tmp/cell-flags-build/release-with-debug/deps/cell_flags_costs-246a7a051e604dad)
