round 1 baseline load { 4.02 8.28 11.83 }
round 1 prototype load { 4.90 8.39 11.85 }
round 1 fix load { 4.90 8.39 11.85 }
round 1 funnel load { 5.55 8.47 11.85 }
round 2 prototype load { 5.55 8.47 11.85 }
round 2 funnel load { 5.91 8.49 11.84 }
round 2 baseline load { 5.91 8.49 11.84 }
round 2 fix load { 5.99 8.47 11.81 }
round 3 fix load { 5.99 8.47 11.81 }
round 3 baseline load { 6.31 8.49 11.80 }
round 3 funnel load { 6.31 8.49 11.80 }
round 3 prototype load { 6.37 8.47 11.77 }
round 4 funnel load { 6.37 8.47 11.77 }
round 4 fix load { 6.58 8.48 11.76 }
round 4 prototype load { 6.58 8.48 11.76 }
round 4 baseline load { 7.17 8.57 11.77 }
round 5 baseline load { 7.17 8.57 11.77 }
round 5 prototype load { 7.56 8.63 11.77 }
round 5 fix load { 7.56 8.63 11.77 }
round 5 funnel load { 7.75 8.65 11.76 }
round 6 prototype load { 7.75 8.65 11.76 }
round 6 funnel load { 8.01 8.69 11.75 }
round 6 baseline load { 8.01 8.69 11.75 }
round 6 fix load { 8.01 8.67 11.73 }
round 7 fix load { 8.01 8.67 11.73 }
round 7 baseline load { 8.01 8.66 11.71 }
round 7 funnel load { 8.01 8.66 11.71 }
round 7 prototype load { 8.25 8.70 11.71 }
round 8 funnel load { 8.25 8.70 11.71 }
round 8 fix load { 9.11 8.87 11.75 }
round 8 prototype load { 9.11 8.87 11.75 }
round 8 baseline load { 9.26 8.91 11.74 }
round 9 baseline load { 9.26 8.91 11.74 }
round 9 prototype load { 10.12 9.09 11.79 }
round 9 fix load { 10.12 9.09 11.79 }
round 9 funnel load { 10.19 9.12 11.79 }
round 10 prototype load { 10.19 9.12 11.79 }
round 10 funnel load { 10.26 9.15 11.78 }
round 10 baseline load { 10.26 9.15 11.78 }
round 10 fix load { 10.16 9.15 11.77 }
round 11 fix load { 10.16 9.15 11.77 }
round 11 baseline load { 10.46 9.23 11.78 }
round 11 funnel load { 10.46 9.23 11.78 }
round 11 prototype load { 10.67 9.29 11.79 }
round 12 funnel load { 10.67 9.29 11.79 }
round 12 fix load { 10.69 9.32 11.78 }
round 12 prototype load { 10.69 9.32 11.78 }
round 12 baseline load { 11.12 9.43 11.81 }
round 13 baseline load { 11.12 9.43 11.81 }
round 13 prototype load { 11.35 9.51 11.82 }
round 13 fix load { 11.35 9.51 11.82 }
round 13 funnel load { 11.08 9.48 11.80 }
round 14 prototype load { 11.08 9.48 11.80 }
round 14 funnel load { 10.83 9.46 11.77 }
round 14 baseline load { 10.83 9.46 11.77 }
round 14 fix load { 10.37 9.38 11.73 }
round 15 fix load { 10.37 9.38 11.73 }
round 15 baseline load { 10.50 9.43 11.73 }
round 15 funnel load { 10.50 9.43 11.73 }
round 15 prototype load { 10.86 9.52 11.75 }
round 16 funnel load { 11.19 9.61 11.77 }
round 16 fix load { 11.19 9.61 11.77 }
round 16 prototype load { 11.25 9.65 11.77 }
round 16 baseline load { 11.25 9.65 11.77 }
round 17 baseline load { 11.39 9.71 11.78 }
round 17 prototype load { 11.39 9.71 11.78 }
round 17 fix load { 11.60 9.78 11.79 }
round 17 funnel load { 11.60 9.78 11.79 }
round 18 prototype load { 11.79 9.85 11.81 }
round 18 funnel load { 11.79 9.85 11.81 }
round 18 baseline load { 12.13 9.95 11.83 }
round 18 fix load { 12.13 9.95 11.83 }
round 19 fix load { 11.96 9.95 11.82 }
round 19 baseline load { 11.96 9.95 11.82 }
round 19 funnel load { 11.88 9.97 11.81 }
round 19 prototype load { 11.88 9.97 11.81 }
round 20 funnel load { 11.49 9.92 11.79 }
round 20 fix load { 11.49 9.92 11.79 }
round 20 prototype load { 11.21 9.88 11.76 }
round 20 baseline load { 11.21 9.88 11.76 }
done 05:12:45
